// Jest Snapshot v1, https://goo.gl/fbAQLP

exports[`работа Partners 1`] = `"загрузка..."`;
